[    0.000000] Linux version 4.15.0-91-generic (buildd@lgw01-amd64-013) (gcc version 7.4.0 (Ubuntu 7.4.0-1ubuntu1~18.04.1)) #92-Ubuntu SMP Fri Feb 28 11:09:48 UTC 2020 (Ubuntu 4.15.0-91.92-generic 4.15.18)
[    0.000000] Command line: BOOT_IMAGE=/boot/vmlinuz-4.15.0-91-generic root=LABEL=cloudimg-rootfs ro console=tty1 console=ttyS0
[    0.000000] KERNEL supported cpus:
[    0.000000]   Intel GenuineIntel
[    0.000000]   AMD AuthenticAMD
[    0.000000]   Centaur CentaurHauls
[    0.000000] x86/fpu: Supporting XSAVE feature 0x001: 'x87 floating point registers'
[    0.000000] x86/fpu: Supporting XSAVE feature 0x002: 'SSE registers'
[    0.000000] x86/fpu: Supporting XSAVE feature 0x004: 'AVX registers'
[    0.000000] x86/fpu: xstate_offset[2]:  576, xstate_sizes[2]:  256
[    0.000000] x86/fpu: Enabled xstate features 0x7, context size is 832 bytes, using 'standard' format.
[    0.000000] e820: BIOS-provided physical RAM map:
[    0.000000] BIOS-e820: [mem 0x0000000000000000-0x000000000009fbff] usable
[    0.000000] BIOS-e820: [mem 0x000000000009fc00-0x000000000009ffff] reserved
[    0.000000] BIOS-e820: [mem 0x00000000000f0000-0x00000000000fffff] reserved
[    0.000000] BIOS-e820: [mem 0x0000000000100000-0x000000003ffeffff] usable
[    0.000000] BIOS-e820: [mem 0x000000003fff0000-0x000000003fffffff] ACPI data
[    0.000000] BIOS-e820: [mem 0x00000000fec00000-0x00000000fec00fff] reserved
[    0.000000] BIOS-e820: [mem 0x00000000fee00000-0x00000000fee00fff] reserved
[    0.000000] BIOS-e820: [mem 0x00000000fffc0000-0x00000000ffffffff] reserved
[    0.000000] NX (Execute Disable) protection: active
[    0.000000] SMBIOS 2.5 present.
[    0.000000] DMI: innotek GmbH VirtualBox/VirtualBox, BIOS VirtualBox 12/01/2006
[    0.000000] Hypervisor detected: KVM
[    0.000000] e820: last_pfn = 0x3fff0 max_arch_pfn = 0x400000000
[    0.000000] MTRR: Disabled
[    0.000000] x86/PAT: MTRRs disabled, skipping PAT initialization too.
[    0.000000] CPU MTRRs all blank - virtualized system.
[    0.000000] x86/PAT: Configuration [0-7]: WB  WT  UC- UC  WB  WT  UC- UC  
[    0.000000] found SMP MP-table at [mem 0x0009fff0-0x0009ffff]
[    0.000000] Scanning 1 areas for low memory corruption
[    0.000000] RAMDISK: [mem 0x35a6d000-0x36d2dfff]
[    0.000000] ACPI: Early table checksum verification disabled
[    0.000000] ACPI: RSDP 0x00000000000E0000 000024 (v02 VBOX  )
[    0.000000] ACPI: XSDT 0x000000003FFF0030 00003C (v01 VBOX   VBOXXSDT 00000001 ASL  00000061)
[    0.000000] ACPI: FACP 0x000000003FFF00F0 0000F4 (v04 VBOX   VBOXFACP 00000001 ASL  00000061)
[    0.000000] ACPI: DSDT 0x000000003FFF0470 002325 (v02 VBOX   VBOXBIOS 00000002 INTL 20100528)
[    0.000000] ACPI: FACS 0x000000003FFF0200 000040
[    0.000000] ACPI: FACS 0x000000003FFF0200 000040
[    0.000000] ACPI: APIC 0x000000003FFF0240 00005C (v02 VBOX   VBOXAPIC 00000001 ASL  00000061)
[    0.000000] ACPI: SSDT 0x000000003FFF02A0 0001CC (v01 VBOX   VBOXCPUT 00000002 INTL 20100528)
[    0.000000] No NUMA configuration found
[    0.000000] Faking a node at [mem 0x0000000000000000-0x000000003ffeffff]
[    0.000000] NODE_DATA(0) allocated [mem 0x3ffc5000-0x3ffeffff]
[    0.000000] kvm-clock: cpu 0, msr 0:3ff44001, primary cpu clock
[    0.000000] kvm-clock: Using msrs 4b564d01 and 4b564d00
[    0.000000] kvm-clock: using sched offset of 8278426650 cycles
[    0.000000] clocksource: kvm-clock: mask: 0xffffffffffffffff max_cycles: 0x1cd42e4dffb, max_idle_ns: 881590591483 ns
[    0.000000] Zone ranges:
[    0.000000]   DMA      [mem 0x0000000000001000-0x0000000000ffffff]
[    0.000000]   DMA32    [mem 0x0000000001000000-0x000000003ffeffff]
[    0.000000]   Normal   empty
[    0.000000]   Device   empty
[    0.000000] Movable zone start for each node
[    0.000000] Early memory node ranges
[    0.000000]   node   0: [mem 0x0000000000001000-0x000000000009efff]
[    0.000000]   node   0: [mem 0x0000000000100000-0x000000003ffeffff]
[    0.000000] Reserved but unavailable: 98 pages
[    0.000000] Initmem setup node 0 [mem 0x0000000000001000-0x000000003ffeffff]
[    0.000000] ACPI: PM-Timer IO Port: 0x4008
[    0.000000] IOAPIC[0]: apic_id 2, version 32, address 0xfec00000, GSI 0-23
[    0.000000] ACPI: INT_SRC_OVR (bus 0 bus_irq 0 global_irq 2 dfl dfl)
[    0.000000] ACPI: INT_SRC_OVR (bus 0 bus_irq 9 global_irq 9 low level)
[    0.000000] Using ACPI (MADT) for SMP configuration information
[    0.000000] smpboot: Allowing 2 CPUs, 0 hotplug CPUs
[    0.000000] PM: Registered nosave memory: [mem 0x00000000-0x00000fff]
[    0.000000] PM: Registered nosave memory: [mem 0x0009f000-0x0009ffff]
[    0.000000] PM: Registered nosave memory: [mem 0x000a0000-0x000effff]
[    0.000000] PM: Registered nosave memory: [mem 0x000f0000-0x000fffff]
[    0.000000] e820: [mem 0x40000000-0xfebfffff] available for PCI devices
[    0.000000] Booting paravirtualized kernel on KVM
[    0.000000] clocksource: refined-jiffies: mask: 0xffffffff max_cycles: 0xffffffff, max_idle_ns: 7645519600211568 ns
[    0.000000] random: get_random_bytes called from start_kernel+0x99/0x4fd with crng_init=0
[    0.000000] setup_percpu: NR_CPUS:8192 nr_cpumask_bits:2 nr_cpu_ids:2 nr_node_ids:1
[    0.000000] percpu: Embedded 45 pages/cpu s147456 r8192 d28672 u1048576
[    0.000000] PV qspinlock hash table entries: 256 (order: 0, 4096 bytes)
[    0.000000] Built 1 zonelists, mobility grouping on.  Total pages: 257913
[    0.000000] Policy zone: DMA32
[    0.000000] Kernel command line: BOOT_IMAGE=/boot/vmlinuz-4.15.0-91-generic root=LABEL=cloudimg-rootfs ro console=tty1 console=ttyS0
[    0.000000] Memory: 983064K/1048120K available (12300K kernel code, 2481K rwdata, 4264K rodata, 2432K init, 2712K bss, 65056K reserved, 0K cma-reserved)
[    0.000000] SLUB: HWalign=64, Order=0-3, MinObjects=0, CPUs=2, Nodes=1
[    0.000000] Kernel/User page tables isolation: enabled
[    0.000000] ftrace: allocating 39347 entries in 154 pages
[    0.004000] Hierarchical RCU implementation.
[    0.004000] 	RCU restricting CPUs from NR_CPUS=8192 to nr_cpu_ids=2.
[    0.004000] 	Tasks RCU enabled.
[    0.004000] RCU: Adjusting geometry for rcu_fanout_leaf=16, nr_cpu_ids=2
[    0.004000] NR_IRQS: 524544, nr_irqs: 440, preallocated irqs: 16
[    0.004000] Console: colour VGA+ 80x25
[    0.004000] console [tty1] enabled
[    0.004000] console [ttyS0] enabled
[    0.004000] ACPI: Core revision 20170831
[    0.004000] ACPI: 2 ACPI AML tables successfully acquired and loaded
[    0.004000] APIC: Switch to symmetric I/O mode setup
[    0.004000] x2apic enabled
[    0.004013] Switched APIC routing to physical x2apic.
[    0.012000] ..TIMER: vector=0x30 apic1=0 pin1=2 apic2=-1 pin2=-1
[    0.012008] tsc: Detected 1895.612 MHz processor
[    0.016021] Calibrating delay loop (skipped) preset value.. 3791.22 BogoMIPS (lpj=7582448)
[    0.020006] pid_max: default: 32768 minimum: 301
[    0.022881] Security Framework initialized
[    0.024006] Yama: becoming mindful.
[    0.028057] AppArmor: AppArmor initialized
[    0.032199] Dentry cache hash table entries: 131072 (order: 8, 1048576 bytes)
[    0.036276] Inode-cache hash table entries: 65536 (order: 7, 524288 bytes)
[    0.040044] Mount-cache hash table entries: 2048 (order: 2, 16384 bytes)
[    0.044027] Mountpoint-cache hash table entries: 2048 (order: 2, 16384 bytes)
[    0.048870] Last level iTLB entries: 4KB 1024, 2MB 1024, 4MB 1024
[    0.052007] Last level dTLB entries: 4KB 1024, 2MB 1024, 4MB 1024, 1GB 4
[    0.056008] Spectre V1 : Mitigation: usercopy/swapgs barriers and __user pointer sanitization
[    0.060008] Spectre V2 : Mitigation: Full generic retpoline
[    0.064005] Spectre V2 : Spectre v2 / SpectreRSB mitigation: Filling RSB on context switch
[    0.068006] Speculative Store Bypass: Vulnerable
[    0.072106] MDS: Vulnerable: Clear CPU buffers attempted, no microcode
[    0.080035] Freeing SMP alternatives memory: 36K
[    0.196822] smpboot: CPU0: Intel(R) Core(TM) i3-4030U CPU @ 1.90GHz (family: 0x6, model: 0x45, stepping: 0x1)
[    0.200238] Performance Events: unsupported p6 CPU model 69 no PMU driver, software events only.
[    0.204086] Hierarchical SRCU implementation.
[    0.208625] NMI watchdog: Perf event create on CPU 0 failed with -2
[    0.212005] NMI watchdog: Perf NMI watchdog permanently disabled
[    0.215453] smp: Bringing up secondary CPUs ...
[    0.216248] x86: Booting SMP configuration:
[    0.220005] .... node  #0, CPUs:      #1
[    0.004000] kvm-clock: cpu 1, msr 0:3ff44041, secondary cpu clock
[    0.228032] smp: Brought up 1 node, 2 CPUs
[    0.230445] smpboot: Max logical packages: 1
[    0.232024] smpboot: Total of 2 processors activated (7582.44 BogoMIPS)
[    0.240326] devtmpfs: initialized
[    0.242851] x86/mm: Memory block size: 128MB
[    0.249135] evm: security.selinux
[    0.251770] evm: security.SMACK64
[    0.252011] evm: security.SMACK64EXEC
[    0.256010] evm: security.SMACK64TRANSMUTE
[    0.260010] evm: security.SMACK64MMAP
[    0.262787] evm: security.apparmor
[    0.264009] evm: security.ima
[    0.266237] evm: security.capability
[    0.272035] clocksource: jiffies: mask: 0xffffffff max_cycles: 0xffffffff, max_idle_ns: 7645041785100000 ns
[    0.276035] futex hash table entries: 512 (order: 3, 32768 bytes)
[    0.284125] pinctrl core: initialized pinctrl subsystem
[    0.288457] RTC time:  4:20:05, date: 03/22/20
[    0.292521] NET: Registered protocol family 16
[    0.296513] audit: initializing netlink subsys (disabled)
[    0.300103] audit: type=2000 audit(1584850814.905:1): state=initialized audit_enabled=0 res=1
[    0.308025] cpuidle: using governor ladder
[    0.310961] cpuidle: using governor menu
[    0.312260] ACPI: bus type PCI registered
[    0.316012] acpiphp: ACPI Hot Plug PCI Controller Driver version: 0.5
[    0.320417] PCI: Using configuration type 1 for base access
[    0.332121] HugeTLB registered 2.00 MiB page size, pre-allocated 0 pages
[    0.336283] ACPI: Added _OSI(Module Device)
[    0.338595] ACPI: Added _OSI(Processor Device)
[    0.340019] ACPI: Added _OSI(3.0 _SCP Extensions)
[    0.344007] ACPI: Added _OSI(Processor Aggregator Device)
[    0.346955] ACPI: Added _OSI(Linux-Dell-Video)
[    0.348007] ACPI: Added _OSI(Linux-Lenovo-NV-HDMI-Audio)
[    0.352008] ACPI: Added _OSI(Linux-HPI-Hybrid-Graphics)
[    0.356823] ACPI: Executed 1 blocks of module-level executable AML code
[    0.380998] ACPI: Interpreter enabled
[    0.383228] ACPI: (supports S0 S5)
[    0.384006] ACPI: Using IOAPIC for interrupt routing
[    0.389403] PCI: Using host bridge windows from ACPI; if necessary, use "pci=nocrs" and report a bug
[    0.392739] ACPI: Enabled 2 GPEs in block 00 to 07
[    0.431035] ACPI: PCI Root Bridge [PCI0] (domain 0000 [bus 00-ff])
[    0.432019] acpi PNP0A03:00: _OSC: OS supports [ASPM ClockPM Segments MSI]
[    0.442471] acpi PNP0A03:00: _OSC: not requesting OS control; OS requires [ExtendedConfig ASPM ClockPM MSI]
[    0.444046] acpi PNP0A03:00: fail to add MMCONFIG information, can't access extended PCI configuration space under this bridge.
[    0.452145] PCI host bridge to bus 0000:00
[    0.454594] pci_bus 0000:00: root bus resource [io  0x0000-0x0cf7 window]
[    0.456010] pci_bus 0000:00: root bus resource [io  0x0d00-0xffff window]
[    0.460021] pci_bus 0000:00: root bus resource [mem 0x000a0000-0x000bffff window]
[    0.464020] pci_bus 0000:00: root bus resource [mem 0x40000000-0xfdffffff window]
[    0.468022] pci_bus 0000:00: root bus resource [bus 00-ff]
[    0.482308] pci 0000:00:01.1: legacy IDE quirk: reg 0x10: [io  0x01f0-0x01f7]
[    0.484014] pci 0000:00:01.1: legacy IDE quirk: reg 0x14: [io  0x03f6]
[    0.488011] pci 0000:00:01.1: legacy IDE quirk: reg 0x18: [io  0x0170-0x0177]
[    0.492008] pci 0000:00:01.1: legacy IDE quirk: reg 0x1c: [io  0x0376]
[    0.541381] pci 0000:00:07.0: quirk: [io  0x4000-0x403f] claimed by PIIX4 ACPI
[    0.544061] pci 0000:00:07.0: quirk: [io  0x4100-0x410f] claimed by PIIX4 SMB
[    0.570048] ACPI: PCI Interrupt Link [LNKA] (IRQs 5 9 10 *11)
[    0.573737] ACPI: PCI Interrupt Link [LNKB] (IRQs 5 9 *10 11)
[    0.576498] ACPI: PCI Interrupt Link [LNKC] (IRQs 5 *9 10 11)
[    0.580509] ACPI: PCI Interrupt Link [LNKD] (IRQs 5 9 10 *11)
[    0.585362] SCSI subsystem initialized
[    0.588122] pci 0000:00:02.0: vgaarb: setting as boot VGA device
[    0.591262] pci 0000:00:02.0: vgaarb: VGA device added: decodes=io+mem,owns=io+mem,locks=none
[    0.592012] pci 0000:00:02.0: vgaarb: bridge control possible
[    0.596007] vgaarb: loaded
[    0.597867] ACPI: bus type USB registered
[    0.600063] usbcore: registered new interface driver usbfs
[    0.603251] usbcore: registered new interface driver hub
[    0.604051] usbcore: registered new device driver usb
[    0.608145] EDAC MC: Ver: 3.0.0
[    0.612500] PCI: Using ACPI for IRQ routing
[    0.616486] NetLabel: Initializing
[    0.618925] NetLabel:  domain hash size = 128
[    0.620007] NetLabel:  protocols = UNLABELED CIPSOv4 CALIPSO
[    0.624056] NetLabel:  unlabeled traffic allowed by default
[    0.628303] clocksource: Switched to clocksource kvm-clock
[    0.703879] VFS: Disk quotas dquot_6.6.0
[    0.706495] VFS: Dquot-cache hash table entries: 512 (order 0, 4096 bytes)
[    0.710521] AppArmor: AppArmor Filesystem Enabled
[    0.713274] pnp: PnP ACPI init
[    0.719592] pnp: PnP ACPI: found 3 devices
[    0.740330] clocksource: acpi_pm: mask: 0xffffff max_cycles: 0xffffff, max_idle_ns: 2085701024 ns
[    0.744308] NET: Registered protocol family 2
[    0.748682] TCP established hash table entries: 8192 (order: 4, 65536 bytes)
[    0.752618] TCP bind hash table entries: 8192 (order: 5, 131072 bytes)
[    0.762230] TCP: Hash tables configured (established 8192 bind 8192)
[    0.769703] UDP hash table entries: 512 (order: 2, 16384 bytes)
[    0.773537] UDP-Lite hash table entries: 512 (order: 2, 16384 bytes)
[    0.777174] NET: Registered protocol family 1
[    0.779772] pci 0000:00:00.0: Limiting direct PCI/PCI transfers
[    0.783115] pci 0000:00:01.0: Activating ISA DMA hang workarounds
[    0.786694] pci 0000:00:02.0: Video device with shadowed ROM at [mem 0x000c0000-0x000dffff]
[    0.791776] Unpacking initramfs...
[    1.970902] Freeing initrd memory: 19204K
[    1.973761] clocksource: tsc: mask: 0xffffffffffffffff max_cycles: 0x36a5f58a5e2, max_idle_ns: 881590593810 ns
[    1.979401] platform rtc_cmos: registered platform RTC device (no PNP device found)
[    1.984331] Scanning for low memory corruption every 60 seconds
[    1.989546] Initialise system trusted keyrings
[    1.992227] Key type blacklist registered
[    1.994789] workingset: timestamp_bits=36 max_order=18 bucket_order=0
[    2.003167] zbud: loaded
[    2.006614] squashfs: version 4.0 (2009/01/31) Phillip Lougher
[    2.011176] fuse init (API version 7.26)
[    2.021766] Key type asymmetric registered
[    2.024030] Asymmetric key parser 'x509' registered
[    2.026836] Block layer SCSI generic (bsg) driver version 0.4 loaded (major 246)
[    2.031064] io scheduler noop registered
[    2.033539] io scheduler deadline registered
[    2.036178] io scheduler cfq registered (default)
[    2.039637] ACPI: AC Adapter [AC] (on-line)
[    2.042340] input: Power Button as /devices/LNXSYSTM:00/LNXPWRBN:00/input/input0
[    2.046755] ACPI: Power Button [PWRF]
[    2.049191] input: Sleep Button as /devices/LNXSYSTM:00/LNXSLPBN:00/input/input1
[    2.053530] ACPI: Sleep Button [SLPF]
[    2.056531] Serial: 8250/16550 driver, 32 ports, IRQ sharing enabled
[    2.060486] ACPI: Battery Slot [BAT0] (battery present)
[    2.082317] 00:02: ttyS0 at I/O 0x3f8 (irq = 4, base_baud = 115200) is a 16550A
[    2.100055] Linux agpgart interface v0.103
[    2.106564] loop: module loaded
[    2.110297] scsi host0: ata_piix
[    2.112779] scsi host1: ata_piix
[    2.114798] ata1: PATA max UDMA/33 cmd 0x1f0 ctl 0x3f6 bmdma 0xd000 irq 14
[    2.118600] ata2: PATA max UDMA/33 cmd 0x170 ctl 0x376 bmdma 0xd008 irq 15
[    2.122572] libphy: Fixed MDIO Bus: probed
[    2.125277] tun: Universal TUN/TAP device driver, 1.6
[    2.128269] PPP generic driver version 2.4.2
[    2.130979] ehci_hcd: USB 2.0 'Enhanced' Host Controller (EHCI) Driver
[    2.134691] ehci-pci: EHCI PCI platform driver
[    2.137324] ehci-platform: EHCI generic platform driver
[    2.140200] ohci_hcd: USB 1.1 'Open' Host Controller (OHCI) Driver
[    2.144697] ohci-pci: OHCI PCI platform driver
[    2.147792] ohci-platform: OHCI generic platform driver
[    2.151446] uhci_hcd: USB Universal Host Controller Interface driver
[    2.155954] i8042: PNP: PS/2 Controller [PNP0303:PS2K,PNP0f03:PS2M] at 0x60,0x64 irq 1,12
[    2.163452] serio: i8042 KBD port at 0x60,0x64 irq 1
[    2.166702] serio: i8042 AUX port at 0x60,0x64 irq 12
[    2.169868] mousedev: PS/2 mouse device common for all mice
[    2.174162] rtc_cmos rtc_cmos: rtc core: registered rtc_cmos as rtc0
[    2.177991] input: AT Translated Set 2 keyboard as /devices/platform/i8042/serio0/input/input2
[    2.183166] rtc_cmos rtc_cmos: alarms up to one day, 114 bytes nvram
[    2.186757] i2c /dev entries driver
[    2.189219] device-mapper: uevent: version 1.0.3
[    2.192279] device-mapper: ioctl: 4.37.0-ioctl (2017-09-20) initialised: dm-devel@redhat.com
[    2.197082] ledtrig-cpu: registered to indicate activity on CPUs
[    2.201573] NET: Registered protocol family 10
[    2.219319] Segment Routing with IPv6
[    2.221844] NET: Registered protocol family 17
[    2.224547] Key type dns_resolver registered
[    2.227577] mce: Using 0 MCE banks
[    2.229704] RAS: Correctable Errors collector initialized.
[    2.233163] sched_clock: Marking stable (2229651527, 0)->(3005111145, -775459618)
[    2.239034] registered taskstats version 1
[    2.241571] Loading compiled-in X.509 certificates
[    2.250138] Loaded X.509 cert 'Build time autogenerated kernel key: d019e8c5f4cbc828f6af43369f65a014a3a68371'
[    2.256000] zswap: loaded using pool lzo/zbud
[    2.270254] Key type big_key registered
[    2.272734] Key type trusted registered
[    2.279684] Key type encrypted registered
[    2.284770] AppArmor: AppArmor sha1 policy hashing enabled
[    2.288610] ima: No TPM chip found, activating TPM-bypass! (rc=-19)
[    2.292711] ima: Allocated hash algorithm: sha1
[    2.295828] evm: HMAC attrs: 0x1
[    2.298946]   Magic number: 12:327:313
[    2.314373] rtc_cmos rtc_cmos: setting system clock to 2020-03-22 04:20:07 UTC (1584850807)
[    2.319600] BIOS EDD facility v0.16 2004-Jun-25, 0 devices found
[    2.322964] EDD information not available.
[    2.342764] Freeing unused kernel image memory: 2432K
[    2.582627] Write protecting the kernel read-only data: 20480k
[    2.588400] Freeing unused kernel image memory: 2008K
[    2.592730] Freeing unused kernel image memory: 1880K
[    2.652634] x86/mm: Checked W+X mappings: passed, no W+X pages found.
[    2.656280] x86/mm: Checking user space page tables
[    2.716599] x86/mm: Checked W+X mappings: passed, no W+X pages found.
Loading, please wait...
starting version 237
[    2.950507] e1000: Intel(R) PRO/1000 Network Driver - version 7.3.21-k8-NAPI
[    2.959903] e1000: Copyright (c) 1999-2006 Intel Corporation.
[    2.982136] Fusion MPT base driver 3.04.20
[    2.985429] Copyright (c) 1999-2008 LSI Corporation
[    3.021943] AVX2 version of gcm_enc/dec engaged.
[    3.025178] AES CTR mode by8 optimization enabled
[    3.042412] Fusion MPT SPI Host driver 3.04.20
[    3.188485] input: ImExPS/2 Generic Explorer Mouse as /devices/platform/i8042/serio1/input/input4
[    3.572686] e1000 0000:00:03.0 eth0: (PCI:33MHz:32-bit) 02:f6:b1:f5:69:0d
[    3.576332] e1000 0000:00:03.0 eth0: Intel(R) PRO/1000 Network Connection
[    3.585876] e1000 0000:00:03.0 enp0s3: renamed from eth0
[    3.589034] mptbase: ioc0: Initiating bringup
[    3.685284] ioc0: LSI53C1030 A0: Capabilities={Initiator}
[    3.934055] scsi host2: ioc0: LSI53C1030 A0, FwRev=00000000h, Ports=1, MaxQ=256, IRQ=20
[    4.106355] scsi 2:0:0:0: Direct-Access     VBOX     HARDDISK         1.0  PQ: 0 ANSI: 5
[    4.964341] scsi target2:0:0: Beginning Domain Validation
[    4.970693] scsi target2:0:0: Domain Validation skipping write tests
[    4.974244] scsi target2:0:0: Ending Domain Validation
[    4.977231] scsi target2:0:0: asynchronous
[    4.980940] scsi 2:0:1:0: Direct-Access     VBOX     HARDDISK         1.0  PQ: 0 ANSI: 5
[    6.047571] scsi target2:0:1: Beginning Domain Validation
[    6.051175] random: fast init done
[    6.056055] scsi target2:0:1: Domain Validation skipping write tests
[    6.059553] scsi target2:0:1: Ending Domain Validation
[    6.062756] scsi target2:0:1: asynchronous
[    6.078366] random: systemd-udevd: uninitialized urandom read (16 bytes read)
[    6.082295] random: systemd-udevd: uninitialized urandom read (16 bytes read)
[    6.086786] sd 2:0:0:0: Attached scsi generic sg0 type 0
[    6.086863] random: systemd-udevd: uninitialized urandom read (16 bytes read)
[    6.091804] sd 2:0:1:0: Attached scsi generic sg1 type 0
[    6.099437] sd 2:0:0:0: [sda] 20971520 512-byte logical blocks: (10.7 GB/10.0 GiB)
[    6.104520] sd 2:0:1:0: [sdb] 20480 512-byte logical blocks: (10.5 MB/10.0 MiB)
[    6.108748] sd 2:0:0:0: [sda] Write Protect is off
[    6.111583] sd 2:0:1:0: [sdb] Write Protect is off
[    6.112402] sd 2:0:0:0: [sda] Incomplete mode parameter data
[    6.118709] sd 2:0:0:0: [sda] Assuming drive cache: write through
[    6.122818] sd 2:0:1:0: [sdb] Incomplete mode parameter data
[    6.126166] sd 2:0:1:0: [sdb] Assuming drive cache: write through
[    6.137405]  sda: sda1
[    6.140910] sd 2:0:0:0: [sda] Attached SCSI disk
[    6.152211] sd 2:0:1:0: [sdb] Attached SCSI disk
Begin: Loading essential drivers ... [    9.124098] raid6: sse2x1   gen()  1582 MB/s
[    9.172107] raid6: sse2x1   xor()  1030 MB/s
[    9.220640] raid6: sse2x2   gen()  3728 MB/s
[    9.268477] raid6: sse2x2   xor()  1619 MB/s
[    9.316325] raid6: sse2x4   gen()  4007 MB/s
[    9.364173] raid6: sse2x4   xor()  2307 MB/s
[    9.412087] raid6: avx2x1   gen()  3183 MB/s
[    9.460099] raid6: avx2x1   xor()  1746 MB/s
[    9.508109] raid6: avx2x2   gen()  5881 MB/s
[    9.556506] raid6: avx2x2   xor()  2985 MB/s
[    9.604347] raid6: avx2x4   gen()  8173 MB/s
[    9.652197] raid6: avx2x4   xor()  4744 MB/s
[    9.654708] raid6: using algorithm avx2x4 gen() 8173 MB/s
[    9.657903] raid6: .... xor() 4744 MB/s, rmw enabled
[    9.660806] raid6: using avx2x2 recovery algorithm
[    9.667198] xor: automatically using best checksumming function   avx       
[    9.674607] async_tx: api initialized (async)
done.
Begin: Running /scripts/init-premount ... done.
Begin: Mounting root file system ... Begin: Running /scripts/local-top ... done.
Begin: Running /scripts/local-premount ... [    9.828528] Btrfs loaded, crc32c=crc32c-intel
Scanning for Btrfs filesystems
done.
Warning: fsck not present, so skipping root file system
[   10.039893] EXT4-fs (sda1): mounted filesystem with ordered data mode. Opts: (null)
done.
Begin: Running /scripts/local-bottom ... done.
Begin: Running /scripts/init-bottom ... done.
[   11.110111] ip_tables: (C) 2000-2006 Netfilter Core Team
[   11.282452] systemd[1]: systemd 237 running in system mode. (+PAM +AUDIT +SELINUX +IMA +APPARMOR +SMACK +SYSVINIT +UTMP +LIBCRYPTSETUP +GCRYPT +GNUTLS +ACL +XZ +LZ4 +SECCOMP +BLKID +ELFUTILS +KMOD -IDN2 +IDN -PCRE2 default-hierarchy=hybrid)
[   11.296692] systemd[1]: Detected virtualization oracle.
[   11.300055] systemd[1]: Detected architecture x86-64.

Welcome to [1mUbuntu 18.04.4 LTS[0m!

[   11.326779] systemd[1]: Set hostname to <ubuntu>.
[   11.376299] systemd[1]: Initializing machine ID from random generator.
[   11.379932] systemd[1]: Installed transient /etc/machine-id file.
[   11.769698] random: crng init done
[   11.772441] random: 7 urandom warning(s) missed due to ratelimiting
[   12.890209] systemd[1]: Reached target Swap.
[[0;32m  OK  [0m] Reached target Swap.
[   12.894378] systemd[1]: Started Forward Password Requests to Wall Directory Watch.
[[0;32m  OK  [0m] Started Forward Password Requests to Wall Directory Watch.
[   12.900601] systemd[1]: Reached target User and Group Name Lookups.
[[0;32m  OK  [0m] Reached target User and Group Name Lookups.
[   12.910386] systemd[1]: Created slice System Slice.
[[0;32m  OK  [0m] Created slice System Slice.
[[0;32m  OK  [0m] Listening on udev Control Socket.
[[0;32m  OK  [0m] Listening on Device-mapper event daemon FIFOs.
[[0;32m  OK  [0m] Listening on LVM2 metadata daemon socket.
[[0;32m  OK  [0m] Created slice system-serial\x2dgetty.slice.
[[0;32m  OK  [0m] Listening on Journal Audit Socket.
[[0;32m  OK  [0m] Listening on LVM2 poll daemon socket.
[[0;32m  OK  [0m] Listening on Journal Socket.
         Starting Set the console keyboard layout...
         Starting Remount Root and Kernel File Systems...
         Mounting Kernel Debug File System...
[[0;32m  OK  [0m] Listening on Network Service Netlink Socket.
         Starting Monitoring of LVM2 mirrorsâ€¦ng dmeventd or progress polling...
         Starting Create list of required stâ€¦ce nodes for the current kernel...
         Mounting POSIX Message Queue File System...
[[0;32m  OK  [0m] Listening on udev Kernel Socket.
         Starting udev Coldplug all Devices...
[[0;32m  OK  [0m] Listening on Syslog Socket.
[[0;32m  OK  [0m] Listening on /dev/initctl Compatibility Named Pipe.
         Starting Load Kernel Modules...
[[0;32m  OK  [0m] Reached target System Time Synchronized.
[[0;32m  OK  [0m] Created slice User and Session Slice.
[[0;32m  OK  [0m] Reached target Slices.
         Starting Uncomplicated firewall...
[[0;32m  OK  [0m] Listening on Journal Socket (/dev/log).
[[0;32m  OK  [0m] Set up automount Arbitrary Executabâ€¦rmats File System Automount Point.
[   13.236938] EXT4-fs (sda1): re-mounted. Opts: (null)
         Mounting Huge Pages File System...
         Starting Journal Service...
[[0;32m  OK  [0m] Started Remount Root and Kernel File Systems.
[[0;32m  OK  [0m] Mounted Kernel Debug File System.
[[0;32m  OK  [0m] Started Create list of required staâ€¦vice nodes for the current kernel.
[[0;32m  OK  [0m] Mounted POSIX Message Queue File System.
[[0;32m  OK  [0m] Started Uncomplicated firewall.
[[0;32m  OK  [0m] Mounted Huge Pages File System.
         Starting Create Static Device Nodes in /dev...
         Starting Load/Save Random Seed...
[[0;32m  OK  [0m] Started LVM2 metadata daemon.
[   13.479600] Loading iSCSI transport class v2.0-870.
[[0;32m  OK  [0m] Started udev Coldplug all Devices.
[[0;32m  OK  [0m] Started Load/Save Random Seed.
[   13.692686] iscsi: registered transport (tcp)
[[0;32m  OK  [0m] Started Journal Service.
         Starting Flush Journal to Persistent Storage...
[[0;32m  OK  [0m] Started Create Static Device Nodes in /dev.
         Starting udev Kernel Device Manager...
[   13.784943] systemd-journald[400]: Received request to flush runtime journal from PID 1
[[0;32m  OK  [0m] Started Monitoring of LVM2 mirrors,â€¦sing dmeventd or progress polling.
[[0;32m  OK  [0m] Started Set the console keyboard layout.
[[0;32m  OK  [0m] Reached target Local File Systems (Pre).
[[0;32m  OK  [0m] Reached target Local File Systems.
         Starting ebtables ruleset management...
         Starting AppArmor initialization...
         Starting Commit a transient machine-id on disk...
         Starting Tell Plymouth To Write Out Runtime Data...
         Starting Set console font and keymap...
[[0;32m  OK  [0m] Started Flush Journal to Persistent Storage.
         Starting Create Volatile Files and Directories...
[[0;32m  OK  [0m] Started Tell Plymouth To Write Out Runtime Data.
[[0;32m  OK  [0m] Started Set console font and keymap.
[[0;32m  OK  [0m] Started Commit a transient machine-id on disk.
[[0;32m  OK  [0m] Started udev Kernel Device Manager.
[[0;32m  OK  [0m] Started Dispatch Password Requests to Console Directory Watch.
[[0;32m  OK  [0m] Reached target Local Encrypted Volumes.
[[0;32m  OK  [0m] Started Create Volatile Files and Directories.
[   15.602259] iscsi: registered transport (iser)
         Starting Update UTMP about System Boot/Shutdown...
[[0;32m  OK  [0m] Started Load Kernel Modules.
         Mounting Kernel Configuration File System...
         Mounting FUSE Control File System...
         Starting Apply Kernel Variables...
[[0;32m  OK  [0m] Mounted Kernel Configuration File System.
[[0;32m  OK  [0m] Mounted FUSE Control File System.
[[0;32m  OK  [0m] Started Update UTMP about System Boot/Shutdown.
[[0;32m  OK  [0m] Started Apply Kernel Variables.
[[0;32m  OK  [0m] Started ebtables ruleset management.
[[0;32m  OK  [0m] Found device /dev/ttyS0.
[[0;32m  OK  [0m] Listening on Load/Save RF Kill Switch Status /dev/rfkill Watch.
[[0;32m  OK  [0m] Started AppArmor initialization.
         Starting Initial cloud-init job (pre-networking)...
[   26.290171] cloud-init[545]: Cloud-init v. 19.4-33-gbb4131a2-0ubuntu1~18.04.1 running 'init-local' at Sun, 22 Mar 2020 04:20:30 +0000. Up 24.93 seconds.
[[0;32m  OK  [0m] Started Initial cloud-init job (pre-networking).
[[0;32m  OK  [0m] Reached target Network (Pre).
         Starting Network Service...
[[0;32m  OK  [0m] Started Network Service.
         Starting Network Name Resolution...
         Starting Wait for Network to be Configured...
[[0;32m  OK  [0m] Started Network Name Resolution.
[[0;32m  OK  [0m] Reached target Host and Network Name Lookups.
[[0;32m  OK  [0m] Reached target Network.
[[0;32m  OK  [0m] Started Wait for Network to be Configured.
         Starting Initial cloud-init job (metadata service crawler)...
[   30.006754] cloud-init[664]: Cloud-init v. 19.4-33-gbb4131a2-0ubuntu1~18.04.1 running 'init' at Sun, 22 Mar 2020 04:20:34 +0000. Up 29.37 seconds.
[   30.012351] cloud-init[664]: ci-info: ++++++++++++++++++++++++++++++++++++++Net device info++++++++++++++++++++++++++++++++++++++
[   30.016193] cloud-init[664]: ci-info: +--------+------+----------------------------+---------------+--------+-------------------+
[   30.021257] cloud-init[664]: ci-info: | Device |  Up  |          Address           |      Mask     | Scope  |     Hw-Address    |
[   30.028023] cloud-init[664]: ci-info: +--------+------+----------------------------+---------------+--------+-------------------+
[   30.033382] cloud-init[664]: ci-info: | enp0s3 | True |         10.0.2.15          | 255.255.255.0 | global | 02:f6:b1:f5:69:0d |
[   30.039217] cloud-init[664]: ci-info: | enp0s3 | True | fe80::f6:b1ff:fef5:690d/64 |       .       |  link  | 02:f6:b1:f5:69:0d |
[   30.044484] cloud-init[664]: ci-info: |   lo   | True |         127.0.0.1          |   255.0.0.0   |  host  |         .         |
[   30.049340] cloud-init[664]: ci-info: |   lo   | True |          ::1/128           |       .       |  host  |         .         |
[   30.054960] cloud-init[664]: ci-info: +--------+------+----------------------------+---------------+--------+-------------------+
[   30.059523] cloud-init[664]: ci-info: ++++++++++++++++++++++++++++Route IPv4 info+++++++++++++++++++++++++++++
[   30.063500] cloud-init[664]: ci-info: +-------+-------------+----------+-----------------+-----------+-------+
[   30.067196] cloud-init[664]: ci-info: | Route | Destination | Gateway  |     Genmask     | Interface | Flags |
[   30.071456] cloud-init[664]: ci-info: +-------+-------------+----------+-----------------+-----------+-------+
[   30.075096] cloud-init[664]: ci-info: |   0   |   0.0.0.0   | 10.0.2.2 |     0.0.0.0     |   enp0s3  |   UG  |
[   30.079530] cloud-init[664]: ci-info: |   1   |   10.0.2.0  | 0.0.0.0  |  255.255.255.0  |   enp0s3  |   U   |
[   30.083476] cloud-init[664]: ci-info: |   2   |   10.0.2.2  | 0.0.0.0  | 255.255.255.255 |   enp0s3  |   UH  |
[   30.087760] cloud-init[664]: ci-info: +-------+-------------+----------+-----------------+-----------+-------+
[   30.091968] cloud-init[664]: ci-info: +++++++++++++++++++Route IPv6 info+++++++++++++++++++
[   30.095924] cloud-init[664]: ci-info: +-------+-------------+---------+-----------+-------+
[   30.099104] cloud-init[664]: ci-info: | Route | Destination | Gateway | Interface | Flags |
[   30.102605] cloud-init[664]: ci-info: +-------+-------------+---------+-----------+-------+
[   30.106218] cloud-init[664]: ci-info: |   1   |  fe80::/64  |    ::   |   enp0s3  |   U   |
[   30.109732] cloud-init[664]: ci-info: |   3   |    local    |    ::   |   enp0s3  |   U   |
[   30.113199] cloud-init[664]: ci-info: |   4   |   ff00::/8  |    ::   |   enp0s3  |   U   |
[   30.116978] cloud-init[664]: ci-info: +-------+-------------+---------+-----------+-------+
[   33.388031] cloud-init[664]: Generating public/private rsa key pair.
[   33.390607] cloud-init[664]: Your identification has been saved in /etc/ssh/ssh_host_rsa_key.
[   33.394135] cloud-init[664]: Your public key has been saved in /etc/ssh/ssh_host_rsa_key.pub.
[   33.397552] cloud-init[664]: The key fingerprint is:
[   33.399958] cloud-init[664]: SHA256:UZBgjbF0NWxH6/XTeqs3SUw/+pwGPA5uOed7J9awq0g root@ubuntu-bionic
[   33.403954] cloud-init[664]: The key's randomart image is:
[   33.406579] cloud-init[664]: +---[RSA 2048]----+
[   33.409002] cloud-init[664]: |      ==o=+..    |
[   33.411212] cloud-init[664]: |     o.oo.o...   |
[   33.413546] cloud-init[664]: |      . .. .. .  |
[   33.415748] cloud-init[664]: |         . . . o.|
[   33.418109] cloud-init[664]: |        S   o o.+|
[   33.420421] cloud-init[664]: |           . +.=o|
[   33.422704] cloud-init[664]: |          E + *++|
[   33.425079] cloud-init[664]: |         . * +=B=|
[   33.427380] cloud-init[664]: |          o =*OBo|
[   33.429587] cloud-init[664]: +----[SHA256]-----+
[   33.431865] cloud-init[664]: Generating public/private dsa key pair.
[   33.435096] cloud-init[664]: Your identification has been saved in /etc/ssh/ssh_host_dsa_key.
[   33.438921] cloud-init[664]: Your public key has been saved in /etc/ssh/ssh_host_dsa_key.pub.
[   33.441646] cloud-init[664]: The key fingerprint is:
[   33.443204] cloud-init[664]: SHA256:JwyjtIFWA550YnGMVr0t6Jjq0jXos9VRfHwprikLtCc root@ubuntu-bionic
[   33.446134] cloud-init[664]: The key's randomart image is:
[   33.447944] cloud-init[664]: +---[DSA 1024]----+
[   33.449231] cloud-init[664]: |  ***.           |
[   33.450662] cloud-init[664]: | +oB.... .   .   |
[   33.452093] cloud-init[664]: | .= o.ooo + o    |
[   33.464438] cloud-init[664]: | . ..+o=.o o     |
[   33.465871] cloud-init[664]: |   =+ ..S o      |
[   33.480917] cloud-init[664]: |  +.+o . =       |
[   33.482670] cloud-init[664]: | + .E.+ o        |
[   33.484485] cloud-init[664]: |o +. + o         |
[   33.486522] cloud-init[664]: |o..o  .          |
[   33.488786] cloud-init[664]: +----[SHA256]-----+
[   33.491548] cloud-init[664]: Generating public/private ecdsa key pair.
[   33.495467] cloud-init[664]: Your identification has been saved in /etc/ssh/ssh_host_ecdsa_key.
[   33.499137] cloud-init[664]: Your public key has been saved in /etc/ssh/ssh_host_ecdsa_key.pub.
[   33.503045] cloud-init[664]: The key fingerprint is:
[   33.505487] cloud-init[664]: SHA256:7G4nGUQLnA7E1gOMFXjE/TlkQi2ygNO+bq62coL7E5o root@ubuntu-bionic
[   33.509521] cloud-init[664]: The key's randomart image is:
[   33.511567] cloud-init[664]: +---[ECDSA 256]---+
[   33.513318] cloud-init[664]: | o X*B.o         |
[   33.515188] cloud-init[664]: |o = O X =        |
[   33.517107] cloud-init[664]: | o + = X o       |
[   33.518806] cloud-init[664]: |  . . ..*        |
[   33.520706] cloud-init[664]: |   .   .S.       |
[   33.522437] cloud-init[664]: |  o    ..        |
[   33.524099] cloud-init[664]: |.+ .    .o       |
[   33.526409] cloud-init[664]: |E.=    .+ .      |
[   33.528710] cloud-init[664]: |=X+.   ..o       |
[   33.531109] cloud-init[664]: +----[SHA256]-----+
[   33.533579] cloud-init[664]: Generating public/private ed25519 key pair.
[   33.536677] cloud-init[664]: Your identification has been saved in /etc/ssh/ssh_host_ed25519_key.
[   33.540823] cloud-init[664]: Your public key has been saved in /etc/ssh/ssh_host_ed25519_key.pub.
[   33.544797] cloud-init[664]: The key fingerprint is:
[   33.547130] cloud-init[664]: SHA256:2Kcd1LHjujbtfk2NhaXMYHxmowne0/UhmD6KgSVw8nY root@ubuntu-bionic
[   33.550921] cloud-init[664]: The key's randomart image is:
[   33.553123] cloud-init[664]: +--[ED25519 256]--+
[   33.555237] cloud-init[664]: |   o..     .+    |
[   33.557488] cloud-init[664]: |    +. .  .+++=.o|
[   33.559750] cloud-init[664]: |     o+E .o++@.*o|
[   33.562094] cloud-init[664]: |    ...+ ..+=.* o|
[   33.564441] cloud-init[664]: |      . S + o. o.|
[   33.567773] cloud-init[664]: |       . = o  . o|
[   33.570701] cloud-init[664]: |        . o.   o |
[   33.580410] cloud-init[664]: |          o.. . .|
[   33.582799] cloud-init[664]: |         ..+o.   |
[   33.592945] cloud-init[664]: +----[SHA256]-----+
[[0;32m  OK  [0m] Started Initial cloud-init job (metadata service crawler).
[[0;32m  OK  [0m] Reached target System Initialization.
[[0;32m  OK  [0m] Started ACPI Events Check.
[[0;32m  OK  [0m] Listening on D-Bus System Message Bus Socket.
[[0;32m  OK  [0m] Started Discard unused blocks once a week.
[[0;32m  OK  [0m] Listening on ACPID Listen Socket.
[[0;32m  OK  [0m] Started Message of the Day.
         Starting Socket activation for snappy daemon.
[[0;32m  OK  [0m] Listening on UUID daemon activation socket.
[[0;32m  OK  [0m] Started Daily Cleanup of Temporary Directories.
[[0;32m  OK  [0m] Reached target Paths.
         Starting LXD - unix socket.
[[0;32m  OK  [0m] Listening on Open-iSCSI iscsid Socket.
[[0;32m  OK  [0m] Started Daily apt download activities.
[[0;32m  OK  [0m] Started Daily apt upgrade and clean activities.
[[0;32m  OK  [0m] Reached target Timers.
[[0;32m  OK  [0m] Reached target Cloud-config availability.
[[0;32m  OK  [0m] Reached target Network is Online.
[[0;32m  OK  [0m] Reached target Remote File Systems (Pre).
[[0;32m  OK  [0m] Reached target Remote File Systems.
         Starting Availability of block devices...
[[0;32m  OK  [0m] Listening on Socket activation for snappy daemon.
[[0;32m  OK  [0m] Listening on LXD - unix socket.
[[0;32m  OK  [0m] Reached target Sockets.
[[0;32m  OK  [0m] Reached target Basic System.
[[0;32m  OK  [0m] Started Regular background program processing daemon.
         Starting System Logging Service...
[[0;32m  OK  [0m] Started FUSE filesystem for LXC.
[[0;32m  OK  [0m] Started irqbalance daemon.
         Starting Pollinate to seed the pseudo random number generator...
         Starting Accounts Service...
         Starting LXD - container startup/shutdown...
         Starting Login Service...
[[0;32m  OK  [0m] Started Deferred execution scheduler.
[[0;32m  OK  [0m] Started D-Bus System Message Bus.
         Starting Virtualbox guest utils...
         Starting Permit User Sessions...
         Starting LSB: Record successful boot for GRUB...
         Starting Dispatcher daemon for systemd-networkd...
         Starting LSB: automatic crash report generation...
         Starting Snappy daemon...
[[0;32m  OK  [0m] Started System Logging Service.
[[0;32m  OK  [0m] Started Availability of block devices.
[[0;32m  OK  [0m] Started Permit User Sessions.
[[0;32m  OK  [0m] Started Login Service.
         Starting Authorization Manager...
[[0;32m  OK  [0m] Started Unattended Upgrades Shutdown.
         Starting Terminate Plymouth Boot Screen...
         Starting Hold until boot process finishes up...
[[0;32m  OK  [0m] Started Hold until boot process finishes up.
[[0;32m  OK  [0m] Started Serial Getty on ttyS0.
         Starting Set console scheme...
[[0;32m  OK  [0m] Started Terminate Plymouth Boot Screen.
[[0;32m  OK  [0m] Started Set console scheme.
[[0;32m  OK  [0m] Created slice system-getty.slice.
[[0;32m  OK  [0m] Started Getty on tty1.
[[0;32m  OK  [0m] Reached target Login Prompts.
[[0;32m  OK  [0m] Started Authorization Manager.
[[0;32m  OK  [0m] Started LSB: Record successful boot for GRUB.
[[0;32m  OK  [0m] Started Accounts Service.
[[0;32m  OK  [0m] Started LSB: automatic crash report generation.
[[0;32m  OK  [0m] Started Virtualbox guest utils.
[[0;32m  OK  [0m] Started LXD - container startup/shutdown.
[[0;32m  OK  [0m] Started Dispatcher daemon for systemd-networkd.
[[0;32m  OK  [0m] Started Snappy daemon.
         Starting Wait until snapd is fully seeded...

Ubuntu 18.04.4 LTS ubuntu-bionic ttyS0

ubuntu-bionic login: [   80.078996] cloud-init[1725]: Cloud-init v. 19.4-33-gbb4131a2-0ubuntu1~18.04.1 running 'modules:config' at Sun, 22 Mar 2020 04:21:23 +0000. Up 78.23 seconds.
ci-info: no authorized SSH keys fingerprints found for user ubuntu.
<14>Mar 22 04:21:27 ec2: 
<14>Mar 22 04:21:27 ec2: #############################################################
<14>Mar 22 04:21:27 ec2: -----BEGIN SSH HOST KEY FINGERPRINTS-----
<14>Mar 22 04:21:27 ec2: 1024 SHA256:JwyjtIFWA550YnGMVr0t6Jjq0jXos9VRfHwprikLtCc root@ubuntu-bionic (DSA)
<14>Mar 22 04:21:27 ec2: 256 SHA256:7G4nGUQLnA7E1gOMFXjE/TlkQi2ygNO+bq62coL7E5o root@ubuntu-bionic (ECDSA)
<14>Mar 22 04:21:27 ec2: 256 SHA256:2Kcd1LHjujbtfk2NhaXMYHxmowne0/UhmD6KgSVw8nY root@ubuntu-bionic (ED25519)
<14>Mar 22 04:21:27 ec2: 2048 SHA256:UZBgjbF0NWxH6/XTeqs3SUw/+pwGPA5uOed7J9awq0g root@ubuntu-bionic (RSA)
<14>Mar 22 04:21:27 ec2: -----END SSH HOST KEY FINGERPRINTS-----
<14>Mar 22 04:21:27 ec2: #############################################################
-----BEGIN SSH HOST KEY KEYS-----
ecdsa-sha2-nistp256 AAAAE2VjZHNhLXNoYTItbmlzdHAyNTYAAAAIbmlzdHAyNTYAAABBBEJZ/yHwS/ezJrLL6tpOj0pmjhGDPV9VA9GZepZlj9g4/8rbc+f9XKlLKqq9PrqFUTEUGLXO6iIqABv9CzFc4is= root@ubuntu-bionic
ssh-ed25519 AAAAC3NzaC1lZDI1NTE5AAAAIPfX5jyh8GyYZ4KugIM64ipg5NdQPfrUSDW8J5lpe3Fd root@ubuntu-bionic
ssh-rsa AAAAB3NzaC1yc2EAAAADAQABAAABAQCrtYv6dU2VF35ghUE1jqP7QMoxMsslEUl2vZgWm40rJ5vCv2froUR5uELZxLFjxymLa3ZP5WBPY2Wbz45b3yDOPXT/Vv9zEffz/MszI9WaQpX6HDBFlvmzU8Y+yQK8Xl12D6z0ULbfWGNZK06zDtkrsHIacQPIOnMl7upv7T1cj5kZB936I6m7ebZDpEIBUZ2hIH4rfMVi9snwJRFUT8k6o08JExw5P7IYfDE6keJktgrJxwJylSNd6KP1vAS+VNfDs5jntBJSLPIYz3Yy+SSF+0EvIoGKYzon85WkWQNpMEcKohpQdf0F2ViBItOcSh3GuFrw8nAp/v65//HaFRPZ root@ubuntu-bionic
-----END SSH HOST KEY KEYS-----
[   81.940008] cloud-init[1765]: Cloud-init v. 19.4-33-gbb4131a2-0ubuntu1~18.04.1 running 'modules:final' at Sun, 22 Mar 2020 04:21:26 +0000. Up 81.47 seconds.
[   81.947223] cloud-init[1765]: ci-info: no authorized SSH keys fingerprints found for user ubuntu.
[   81.953334] cloud-init[1765]: Cloud-init v. 19.4-33-gbb4131a2-0ubuntu1~18.04.1 finished at Sun, 22 Mar 2020 04:21:27 +0000. Datasource DataSourceNoCloud [seed=/dev/sdb][dsmode=net].  Up 81.91 seconds
